#-----------------------------------------------------------
# Vivado v2025.1 (64-bit)
# SW Build 6140274 on Thu May 22 00:12:29 MDT 2025
# IP Build 6138677 on Thu May 22 03:10:11 MDT 2025
# SharedData Build 6139179 on Tue May 20 17:58:58 MDT 2025
# Start of session at: Fri Oct 17 18:01:12 2025
# Process ID         : 25292
# Current directory  : C:/Users/sj5947pw.e/Downloads/vivado-batch
# Command line       : vivado.exe -mode batch -source create_bitstream.tcl
# Log file           : C:/Users/sj5947pw.e/Downloads/vivado-batch/vivado.log
# Journal file       : C:/Users/sj5947pw.e/Downloads/vivado-batch\vivado.jou
# Running On         : WSU-5CG32434RG
# Platform           : Windows Server 2016 or Windows 10
# Operating System   : 26100
# Processor Detail   : 11th Gen Intel(R) Core(TM) i5-1135G7 @ 2.40GHz
# CPU Frequency      : 2419 MHz
# CPU Physical cores : 4
# CPU Logical cores  : 8
# Host memory        : 16844 MB
# Swap memory        : 1744 MB
# Total Virtual      : 18589 MB
# Available Virtual  : 2266 MB
#-----------------------------------------------------------
source create_bitstream.tcl
